
> my-project@0.1.0 build
> next build

Γû▓ Next.js 16.2.0 (Turbopack)

  Creating an optimized production build ...
Γ£ô Compiled successfully in 8.4s
  Skipping validation of types
  Finished TypeScript config validation in 45ms ...
  Collecting page data using 6 workers ...
  Generating static pages using 6 workers (0/5) ...
  Generating static pages using 6 workers (1/5) 
  Generating static pages using 6 workers (2/5) 
  Generating static pages using 6 workers (3/5) 
Γ£ô Generating static pages using 6 workers (5/5) in 1255ms
  Finalizing page optimization ...

Route (app)
Γöî Γùï /
Γö£ Γùï /_not-found
Γö£ Γùï /quran
Γöö Γùï /settings


Γùï  (Static)  prerendered as static content

